1 33
2 2478
3 8
4 145789
5 0235
6 1123778
7 2
8 58
9 5579
