1 69
2 6777
3 079
4 0135699
5 23336779
6 33579
7 2235689
8 568
9 4
