1 111244
2 558
3 23345667789
4 011223356677899
5 003345689
6 01111288999
7 01222244568
8 1146679
9 01245566689
