1 11589999
2 00234789
3 1235566779
4 02445699999
5 011345558889
6 011135579
7 0122356889
8 3445669
9 11224668
