1 1123333455567788
2 001333445789
3 00122333444455555669
4 000122233344455566677777888889
5 112223456778889
6 00113445566667888899
7 000011223344567779999
8 0111123444555666677899
9 0001223445778888
