4 11133334445555566666666777777788888888888888888899999999999999999
5 000000000011111111111111111222222223333333344444555666
