4 346667777778888899999999
5 00000011111112222223333446
