6 0355679
7 000011222344466777788889999999
8 00000000000111112222333334444455666678889999
9 001125
