tetta er lausnin min
vid daemi a uva
ef oddatala
meow
test
