na i bokasofn
nota tad
main fallid
skrifa ut tolu
