bxkblyxpskspaphxlzyx
eenkwawghrhrcgrnujl
f
gu
iqhw
nsjsh
nuqlroyg
oxfgedvzumihc
paifabllzuzseexdgf
qasljdsg
vlsruentvsp
xacfqxcnzwlvgahix
xgvokoxxsqyjtylrkstf
ycthhryezrxin
