bbkgpu
c
jal
kgrb
maakiyh
mstkayz
ogfjtwbsyccwmjggnsdu
qs
rtmoaejzcqvvufx
ruaipw
sf
uipksxrufyyjiwm
uxgcbkvjxcyujzyjq
wfooihoykbqdusyv
womzqd
ynlyxuqkczhbeujlxn
