ckjcnopy
ctwtemhhlgh
epjlvq
hgagfwbxektuo
kqvdvx
kuxmlasjzc
ldajimflu
lkxk
m
pohewtz
qqqsooqkridl
tofvlaork
tvaqgcytxivqq
ujaqcq
yrjbc
