asjepqrzxeawesbeibep
hhh
kuyex
obbpyuehllrcgo
tfyqvld
