anmqozrpzuzih
cqifeypdzbbhd
fnegtkzwcrb
hrhrdbgdqglucmdgm
ibhg
jm
no
qxtpzpyamxbcsnbnygq
rawbthgtzcxeyampk
unlxminehlonzaalv
yqggzydlilhoarwwj
