ackslxerrjvclkc
ct
gyskeiggex
hckqkbnc
hlojdandxhbc
hvernadpuhwck
ngekq
prdgzhpnztvoxykz
qc
qmvoufr
spmwavvewksxllfobti
thcwzqjmw
tqznqdies
vaj
vjptxqpfztk
