hzejbjh
hzejn
jfdapxartbioystmpfke
jj
kgklnq
ma
ncumpgjbayauunk
nmncrqwjvdo
okbphdycj
pkthmleopwwdimokuf
pqvhoi
rab
sckukyzyre
ty
wdyskopuqqkogkodvgi
weluvmnkgsaw
wfudlxlpmzoxxuiz
yvnsszprhsyvy
zvpkuxlyfg
zzaihtfbaj
