443
5237
6959
5381
7561
311
3919
6907
2851
677
109
937
113
5581
2069
7349
5849
1429
4177
4003
7477
1543
3761
101
4451
7457
103
3779
4451
1033
4721
2909
5323
4337
3643
79
1429
1597
2837
7537
5801
3853
4507
5387
4297
193
7351
7229
3221
7817
6263
3359
5581
2293
3541
3643
6803
6653
6959
2467
6997
2153
6257
1759
5347
4051
5387
3779
4133
7417
5683
1877
223
2777
6619
2851
6311
1933
6679
4999
3929
241
2437
1019
7451
1277
5417
5807
2939
1481
6983
4283
6827
149
1291
4937
811
3407
6899
1439
