Neither won
Neither won
X won
O won
X won
Neither won
X won
O won
X won
O won
Error
Neither won
X won
Neither won
Error
X won
O won
O won
X won
Error
X won
X won
Neither won
Error
Error
O won
O won
Neither won
Neither won
Error
X won
O won
Error
Neither won
Error
O won
Neither won
O won
X won
O won
Error
O won
Neither won
Neither won
O won
Error
O won
Neither won
O won
Error
X won
X won
Neither won
Neither won
Neither won
O won
O won
Error
X won
O won
O won
X won
O won
X won
O won
X won
O won
O won
X won
O won
O won
O won
O won
O won
Error
O won
Neither won
Neither won
X won
O won
Neither won
Error
X won
O won
O won
O won
Neither won
X won
O won
O won
Neither won
X won
Neither won
Neither won
O won
X won
Neither won
O won
O won
O won
