Fun
Fun
Fun
Fun
Fun
Fun
Fun
Fun
Fun
Fun
Fun
Fun
Boring
Boring
Boring
Boring
Boring
Boring
Boring
Boring
Boring
Boring
Boring
