Accepted
Wrong Answer
Wrong Answer
Wrong Answer
Wrong Answer
Wrong Answer
Wrong Answer
Wrong Answer
Wrong Answer
Wrong Answer
Accepted
Accepted
Wrong Answer
Wrong Answer
Accepted
Wrong Answer
Wrong Answer
Wrong Answer
Wrong Answer
Wrong Answer
Accepted
Wrong Answer
Wrong Answer
Accepted
Wrong Answer
Wrong Answer
Wrong Answer
Wrong Answer
Wrong Answer
Accepted
Wrong Answer
Wrong Answer
Wrong Answer
Wrong Answer
Wrong Answer
Wrong Answer
Wrong Answer
Wrong Answer
Accepted
Accepted
Wrong Answer
Wrong Answer
Wrong Answer
Wrong Answer
Wrong Answer
Wrong Answer
Wrong Answer
Wrong Answer
Wrong Answer
Wrong Answer
Wrong Answer
Wrong Answer
Wrong Answer
Wrong Answer
Wrong Answer
Wrong Answer
Wrong Answer
Wrong Answer
Accepted
Wrong Answer
Wrong Answer
Wrong Answer
Wrong Answer
Wrong Answer
Wrong Answer
Wrong Answer
Accepted
Wrong Answer
Wrong Answer
Wrong Answer
Wrong Answer
Wrong Answer
Wrong Answer
Wrong Answer
Wrong Answer
Wrong Answer
Wrong Answer
Wrong Answer
Wrong Answer
Wrong Answer
Wrong Answer
Wrong Answer
Wrong Answer
Wrong Answer
Accepted
Accepted
Wrong Answer
Wrong Answer
Wrong Answer
Wrong Answer
Wrong Answer
Wrong Answer
Wrong Answer
Wrong Answer
Wrong Answer
Wrong Answer
Accepted
Wrong Answer
Wrong Answer
Wrong Answer
Wrong Answer
Wrong Answer
Wrong Answer
Wrong Answer
Wrong Answer
Accepted
Accepted
Wrong Answer
Accepted
Wrong Answer
Wrong Answer
Wrong Answer
Wrong Answer
Wrong Answer
Accepted
Wrong Answer
Wrong Answer
Accepted
Wrong Answer
Accepted
Accepted
Wrong Answer
Accepted
Wrong Answer
Wrong Answer
Wrong Answer
Wrong Answer
Wrong Answer
Accepted
Accepted
Wrong Answer
Accepted
Wrong Answer
Wrong Answer
Accepted
Wrong Answer
Wrong Answer
Wrong Answer
Wrong Answer
Wrong Answer
Accepted
Wrong Answer
Accepted
Wrong Answer
Wrong Answer
Wrong Answer
Wrong Answer
Wrong Answer
Wrong Answer
Wrong Answer
Wrong Answer
Wrong Answer
Wrong Answer
Wrong Answer
Wrong Answer
Wrong Answer
Wrong Answer
Wrong Answer
Wrong Answer
Wrong Answer
Wrong Answer
Wrong Answer
Wrong Answer
Wrong Answer
Wrong Answer
Wrong Answer
Wrong Answer
Wrong Answer
Wrong Answer
Wrong Answer
Wrong Answer
Accepted
Accepted
Wrong Answer
Wrong Answer
Wrong Answer
Wrong Answer
Wrong Answer
Wrong Answer
Wrong Answer
Accepted
Wrong Answer
Accepted
Wrong Answer
Wrong Answer
Accepted
Accepted
Wrong Answer
Wrong Answer
Wrong Answer
Wrong Answer
Wrong Answer
Wrong Answer
Wrong Answer
Accepted
Wrong Answer
Accepted
Wrong Answer
Wrong Answer
Wrong Answer
Accepted
Wrong Answer
Accepted
Wrong Answer
Wrong Answer
Wrong Answer
Wrong Answer
Wrong Answer
Accepted
Wrong Answer
Wrong Answer
Wrong Answer
Accepted
Wrong Answer
Accepted
Wrong Answer
Wrong Answer
Accepted
Wrong Answer
Wrong Answer
Accepted
Wrong Answer
Wrong Answer
Wrong Answer
Wrong Answer
Wrong Answer
Wrong Answer
Wrong Answer
Wrong Answer
Wrong Answer
Wrong Answer
Wrong Answer
Wrong Answer
Wrong Answer
Wrong Answer
Wrong Answer
Accepted
Wrong Answer
Wrong Answer
Wrong Answer
Wrong Answer
Wrong Answer
Wrong Answer
Accepted
Wrong Answer
Accepted
Wrong Answer
Wrong Answer
Wrong Answer
Wrong Answer
Wrong Answer
Wrong Answer
Wrong Answer
Wrong Answer
Wrong Answer
Wrong Answer
Wrong Answer
Wrong Answer
Accepted
Wrong Answer
Accepted
Wrong Answer
Wrong Answer
Wrong Answer
Wrong Answer
Wrong Answer
Accepted
Accepted
Accepted
Wrong Answer
Wrong Answer
Accepted
Wrong Answer
Accepted
Wrong Answer
Accepted
Wrong Answer
Wrong Answer
Wrong Answer
Wrong Answer
Accepted
Wrong Answer
Wrong Answer
Accepted
Wrong Answer
Wrong Answer
Wrong Answer
Wrong Answer
Wrong Answer
Wrong Answer
Accepted
Wrong Answer
Wrong Answer
Wrong Answer
Accepted
Wrong Answer
Wrong Answer
Wrong Answer
Wrong Answer
Wrong Answer
Wrong Answer
Wrong Answer
Wrong Answer
Wrong Answer
Wrong Answer
Wrong Answer
Wrong Answer
Wrong Answer
Wrong Answer
Accepted
Wrong Answer
Wrong Answer
Wrong Answer
Wrong Answer
Wrong Answer
Wrong Answer
Accepted
Wrong Answer
Wrong Answer
Wrong Answer
Wrong Answer
Accepted
Wrong Answer
Wrong Answer
Wrong Answer
Wrong Answer
Wrong Answer
Wrong Answer
Accepted
Wrong Answer
Accepted
Wrong Answer
Wrong Answer
Wrong Answer
Wrong Answer
Wrong Answer
Wrong Answer
Accepted
Wrong Answer
Wrong Answer
Wrong Answer
Wrong Answer
Wrong Answer
Accepted
Wrong Answer
Accepted
Wrong Answer
Wrong Answer
Accepted
Wrong Answer
Accepted
Wrong Answer
Wrong Answer
Wrong Answer
Wrong Answer
Wrong Answer
Accepted
Wrong Answer
Wrong Answer
Wrong Answer
Wrong Answer
Wrong Answer
Wrong Answer
Accepted
Wrong Answer
Wrong Answer
Wrong Answer
Wrong Answer
Wrong Answer
Wrong Answer
Wrong Answer
Wrong Answer
Wrong Answer
Wrong Answer
Accepted
Wrong Answer
Wrong Answer
Wrong Answer
Wrong Answer
Wrong Answer
Wrong Answer
Wrong Answer
Accepted
Wrong Answer
Wrong Answer
Wrong Answer
Wrong Answer
Wrong Answer
Wrong Answer
Wrong Answer
Wrong Answer
Accepted
Wrong Answer
Wrong Answer
Accepted
Wrong Answer
Wrong Answer
Wrong Answer
Wrong Answer
Wrong Answer
Wrong Answer
Wrong Answer
Wrong Answer
Wrong Answer
Wrong Answer
Accepted
Wrong Answer
Accepted
Wrong Answer
Wrong Answer
Wrong Answer
Wrong Answer
Accepted
Wrong Answer
Wrong Answer
Wrong Answer
Wrong Answer
Wrong Answer
Wrong Answer
Wrong Answer
Accepted
Wrong Answer
Wrong Answer
Wrong Answer
Wrong Answer
Wrong Answer
Wrong Answer
Wrong Answer
Wrong Answer
Wrong Answer
Wrong Answer
Wrong Answer
Accepted
Wrong Answer
Wrong Answer
Accepted
Accepted
Accepted
Wrong Answer
Wrong Answer
Accepted
Wrong Answer
Accepted
Wrong Answer
Wrong Answer
Wrong Answer
Wrong Answer
Wrong Answer
Accepted
Wrong Answer
Wrong Answer
Wrong Answer
Wrong Answer
Wrong Answer
Wrong Answer
Wrong Answer
Wrong Answer
Wrong Answer
Wrong Answer
Wrong Answer
Wrong Answer
Wrong Answer
Wrong Answer
Wrong Answer
Wrong Answer
Wrong Answer
Wrong Answer
Wrong Answer
Wrong Answer
Accepted
Accepted
Wrong Answer
Wrong Answer
Wrong Answer
Wrong Answer
Accepted
Wrong Answer
Accepted
Wrong Answer
Wrong Answer
Wrong Answer
Wrong Answer
Wrong Answer
Accepted
Wrong Answer
Wrong Answer
Wrong Answer
Wrong Answer
Wrong Answer
Accepted
Wrong Answer
Wrong Answer
Wrong Answer
Wrong Answer
Wrong Answer
Wrong Answer
Wrong Answer
Accepted
Wrong Answer
Accepted
Wrong Answer
Accepted
Wrong Answer
Wrong Answer
Accepted
Wrong Answer
Wrong Answer
Wrong Answer
Wrong Answer
Accepted
Wrong Answer
Wrong Answer
Accepted
Accepted
Wrong Answer
Wrong Answer
Accepted
Accepted
Wrong Answer
Wrong Answer
Wrong Answer
Wrong Answer
Wrong Answer
Wrong Answer
Wrong Answer
Wrong Answer
Wrong Answer
Wrong Answer
Wrong Answer
Wrong Answer
Accepted
Wrong Answer
Wrong Answer
Accepted
Wrong Answer
Wrong Answer
Wrong Answer
Wrong Answer
Wrong Answer
Wrong Answer
Wrong Answer
Wrong Answer
Accepted
Wrong Answer
Accepted
Wrong Answer
Wrong Answer
Wrong Answer
Wrong Answer
Wrong Answer
Wrong Answer
Wrong Answer
Wrong Answer
Wrong Answer
Wrong Answer
Wrong Answer
Wrong Answer
Wrong Answer
Wrong Answer
Wrong Answer
Wrong Answer
Accepted
Wrong Answer
Accepted
Wrong Answer
Accepted
Wrong Answer
Wrong Answer
Accepted
Accepted
Accepted
Wrong Answer
Accepted
Wrong Answer
Wrong Answer
Wrong Answer
Accepted
Wrong Answer
Wrong Answer
Accepted
Wrong Answer
Wrong Answer
Wrong Answer
Wrong Answer
Wrong Answer
Accepted
Accepted
Wrong Answer
Wrong Answer
Wrong Answer
Wrong Answer
Wrong Answer
Wrong Answer
Wrong Answer
Wrong Answer
Wrong Answer
Wrong Answer
Wrong Answer
Wrong Answer
Wrong Answer
Accepted
Wrong Answer
Accepted
Wrong Answer
Wrong Answer
Wrong Answer
Wrong Answer
Wrong Answer
Wrong Answer
Wrong Answer
Wrong Answer
Accepted
Accepted
Wrong Answer
Wrong Answer
Wrong Answer
Wrong Answer
Accepted
Accepted
Wrong Answer
Wrong Answer
Wrong Answer
Wrong Answer
Wrong Answer
Wrong Answer
Wrong Answer
Wrong Answer
Accepted
Accepted
Wrong Answer
Wrong Answer
Wrong Answer
Wrong Answer
Wrong Answer
Wrong Answer
Wrong Answer
Wrong Answer
Wrong Answer
Wrong Answer
Wrong Answer
Wrong Answer
Wrong Answer
Accepted
Wrong Answer
Wrong Answer
Accepted
Accepted
Wrong Answer
Accepted
Wrong Answer
Wrong Answer
Wrong Answer
Wrong Answer
Wrong Answer
Wrong Answer
Wrong Answer
Wrong Answer
Wrong Answer
Wrong Answer
Wrong Answer
Accepted
Wrong Answer
Wrong Answer
Accepted
Accepted
Wrong Answer
Wrong Answer
Accepted
Wrong Answer
Wrong Answer
Accepted
Wrong Answer
Wrong Answer
Wrong Answer
Wrong Answer
Accepted
Wrong Answer
Wrong Answer
Wrong Answer
Wrong Answer
Wrong Answer
Accepted
Wrong Answer
Wrong Answer
Accepted
Wrong Answer
Accepted
Wrong Answer
Accepted
Wrong Answer
Wrong Answer
Wrong Answer
Wrong Answer
Wrong Answer
Wrong Answer
Wrong Answer
Accepted
Accepted
Wrong Answer
Wrong Answer
Wrong Answer
Wrong Answer
Wrong Answer
Wrong Answer
Wrong Answer
Wrong Answer
Wrong Answer
Accepted
Wrong Answer
Wrong Answer
Wrong Answer
Accepted
Wrong Answer
Accepted
Accepted
Wrong Answer
Accepted
Accepted
Wrong Answer
Wrong Answer
Accepted
Wrong Answer
Wrong Answer
Wrong Answer
Accepted
Accepted
Wrong Answer
Wrong Answer
Wrong Answer
Wrong Answer
Wrong Answer
Wrong Answer
Wrong Answer
Accepted
Wrong Answer
Wrong Answer
Wrong Answer
Accepted
Accepted
Wrong Answer
Wrong Answer
Wrong Answer
Wrong Answer
Wrong Answer
Wrong Answer
Wrong Answer
Wrong Answer
Wrong Answer
Wrong Answer
Wrong Answer
Wrong Answer
Accepted
Wrong Answer
Accepted
Wrong Answer
Wrong Answer
Wrong Answer
Wrong Answer
Wrong Answer
Wrong Answer
Wrong Answer
Wrong Answer
Accepted
Accepted
Wrong Answer
Wrong Answer
Wrong Answer
Wrong Answer
Wrong Answer
Wrong Answer
Wrong Answer
Wrong Answer
Wrong Answer
Wrong Answer
Wrong Answer
Wrong Answer
Wrong Answer
Wrong Answer
Accepted
Wrong Answer
Accepted
Accepted
Wrong Answer
Wrong Answer
Accepted
Accepted
Accepted
Accepted
Wrong Answer
Accepted
Wrong Answer
Wrong Answer
Wrong Answer
Wrong Answer
Accepted
Wrong Answer
Wrong Answer
Wrong Answer
Wrong Answer
Wrong Answer
Wrong Answer
Wrong Answer
Wrong Answer
Accepted
Wrong Answer
Accepted
Wrong Answer
Accepted
Accepted
Accepted
Wrong Answer
Wrong Answer
Wrong Answer
Wrong Answer
Wrong Answer
Wrong Answer
Wrong Answer
Wrong Answer
Wrong Answer
Accepted
Wrong Answer
Accepted
Wrong Answer
Wrong Answer
Wrong Answer
Wrong Answer
Wrong Answer
Wrong Answer
Wrong Answer
Wrong Answer
Wrong Answer
Wrong Answer
Accepted
Wrong Answer
Accepted
Wrong Answer
Wrong Answer
Wrong Answer
Wrong Answer
Wrong Answer
Wrong Answer
Wrong Answer
Wrong Answer
Wrong Answer
Accepted
Accepted
Wrong Answer
Wrong Answer
Wrong Answer
Wrong Answer
Wrong Answer
Wrong Answer
Wrong Answer
Wrong Answer
Accepted
Wrong Answer
Wrong Answer
Wrong Answer
Wrong Answer
Wrong Answer
Wrong Answer
Wrong Answer
Wrong Answer
Accepted
Wrong Answer
Accepted
Wrong Answer
Wrong Answer
Accepted
Wrong Answer
Wrong Answer
Wrong Answer
Accepted
Wrong Answer
Accepted
Wrong Answer
Wrong Answer
Wrong Answer
Wrong Answer
Wrong Answer
Wrong Answer
Wrong Answer
Wrong Answer
Wrong Answer
Wrong Answer
Wrong Answer
Wrong Answer
Wrong Answer
Wrong Answer
Accepted
Wrong Answer
Wrong Answer
Wrong Answer
Wrong Answer
Wrong Answer
Accepted
Accepted
Wrong Answer
Wrong Answer
Wrong Answer
Wrong Answer
Wrong Answer
Accepted
Wrong Answer
Wrong Answer
Wrong Answer
Wrong Answer
Wrong Answer
Wrong Answer
Wrong Answer
Wrong Answer
Wrong Answer
Wrong Answer
Wrong Answer
Wrong Answer
Wrong Answer
Accepted
Wrong Answer
Wrong Answer
Wrong Answer
Wrong Answer
Wrong Answer
Wrong Answer
Wrong Answer
Wrong Answer
Wrong Answer
Wrong Answer
Wrong Answer
Wrong Answer
Wrong Answer
Wrong Answer
Accepted
Wrong Answer
Wrong Answer
Wrong Answer
Wrong Answer
Wrong Answer
Wrong Answer
Wrong Answer
Wrong Answer
Wrong Answer
Wrong Answer
Accepted
Wrong Answer
Wrong Answer
Accepted
Accepted
Wrong Answer
Wrong Answer
Wrong Answer
Wrong Answer
Wrong Answer
Wrong Answer
Wrong Answer
Wrong Answer
Wrong Answer
Wrong Answer
Wrong Answer
Wrong Answer
Wrong Answer
Accepted
Wrong Answer
Wrong Answer
Wrong Answer
Accepted
Wrong Answer
Wrong Answer
Wrong Answer
Wrong Answer
Wrong Answer
Wrong Answer
Wrong Answer
Wrong Answer
Wrong Answer
Wrong Answer
Wrong Answer
Wrong Answer
Wrong Answer
Accepted
Accepted
Wrong Answer
Accepted
Accepted
Accepted
Wrong Answer
Wrong Answer
Wrong Answer
Wrong Answer
Wrong Answer
Wrong Answer
Wrong Answer
Wrong Answer
Wrong Answer
Wrong Answer
Wrong Answer
Wrong Answer
Wrong Answer
Wrong Answer
Wrong Answer
Wrong Answer
