Accepted
Accepted
Accepted
Wrong Answer
Wrong Answer
Accepted
Accepted
Wrong Answer
