Bob competes in heavyweight
Georg competes in lightweight
David competes in middleweight
John Doe competes in heavyweight
