2893 4001 4000 4000 4000 4000 4000 4000 4000 4000
1392 2500 2500 2500 2500 1501 1500 1500 1500 1500
1092 2200 2200 2200 1201 1200 1200 1200 1200 1200
325 552 336 336 336 334 326 326 325 325
2587 3698 3698 3698 3698 3698 3698 3696 3665 2665
167 278 277 277 277 277 277 269 239 167
188 299 299 299 299 299 299 299 296 276
1 2 1 1 1 1 1 1 1 1
168 279 279 279 279 279 279 279 264 168
144 255 255 255 254 245 245 194 145 144
188 299 299 299 299 299 299 299 296 276
188 299 299 299 299 299 299 299 298 277
2867 3978 3978 3978 3978 3978 3978 3977 3947 3746
467 1456 578 578 578 578 578 576 545 467
27 116 38 38 38 38 38 36 27 27
2849 3960 3959 3959 3959 3959 3959 3951 3859 3643
2788 3899 3899 3899 3887 3799 3799 3799 3796 3276
2847 3958 3958 3957 3957 3957 3957 3923 3847 3620
188 299 299 299 299 299 299 299 298 277
147 258 258 258 258 258 258 236 148 147
