9
4
17
435
905
625
409
712
14721
23460
29462
19554
17216
382924
237589
257219
234343
499600
14223127
16692359
13133233
19429997
10902496
957429345
1305069817
1880088222
704659827
1542920241
