{"F":{},"2":"85oB1b3","EbtZq":{},"037lnT":["u9wy6f5kA"]}
