{"s58L8YbO2":{"iOEbotu65":{"":85287},"8sJC":[67211],"CoJbo3":["wow"],"dTh1lKZlN":"ar","BtOKKf":"1wjZ6iaq"},"nk":{"aH":["j1ohDbW1f"],"pVN":["6rcf18",96624,{}],"24":{"EPVLd9W8Av":"fXEGv"}},"muTsxYjm":[77034,[8979],"yKAkY8vyP ",24279,68402,"B96XURpP"]}
