[[83947,[]],[[]],[810],[[]],"s",[26379,51074],[78206],[86435],["tJxq"],{"vmY":"33zO8Gvp"},[{},39646,"5q7 WoEzG","jEM0qU74"],2794,{"":{}},[53434],"FA0",["7KABls"],[10948,[]],"Uj",[[44720]],89428,["yJE"],[29963],{"zJGenldUO":[30748]},[],[{}],{"g":86905},["4BF0M9p"],98436,[["W V4hN3"]],{"0n9Tf":{}},"T0Fg",82408,"wMFwkrJlN",[75105,39961,[]],{"7":97050},"Qk",[31710],[[59964]],{"oX5U":[]},"z",{"KM2XS":21793},[81238],"tG",[[56911]],["a","HH"]]
