Kaera Bakariid.

Eg hef verid aรฐ skoda vefsiduna ykkar og list mjog vel a kokurnar sem tid
seljid. Tess vegna aetla eg ad saekja um starf hja ykkur.

Kv. Gunna Jonsdottir
