Kaera Eymundsson.

Eg hef verid aรฐ skoda vefsiduna ykkar og list mjog vel a baekurnar sem tid
seljid. Tess vegna aetla eg ad saekja um starf hja ykkur.

Kv. Jon Jonsson
