Hallo Sundlaug Gardabaejar! Mer finnst mjog gaman ad synda hja ykkur, og tess vegna aetla eg ad saekja um starf hja ykkur.
Jonas
