99999999999999999999999999999999999999999
369
18
9
