293884236417994872346823648628342386488329398247
249
15
6
