Terminates
Terminates
Infinite loop
Infinite loop
Terminates
Infinite loop
Terminates
Infinite loop
Infinite loop
Terminates
Infinite loop
Infinite loop
Terminates
