2198 1811
3038 1613
2127 267
3177 515
4270 4228
4303 2276
3713 1335
2093 1654
2948 1571
3103 2839
3617 2163
3200 941
2421 2164
2619 1938
192 42
3671 2221
3657 382
3727 3214
3652 658
4140 2435
1128 435
3503 1128
1891 645
1999 1564
3085 1416
1606 1227
4185 3286
2930 640
3663 260
764 656
535 528
2901 647
2256 8
3243 2480
3907 956
4223 724
3616 744
3247 3140
2294 1004
4442 1254
816 29
1734 306
4396 1386
4414 2801
4378 2209
3829 3404
3365 1314
1326 761
3169 859
1727 798
2677 749
3961 2791
4423 3487
4126 3372
4325 1473
4088 3749
4076 3015
4307 738
4447 1271
2473 1319
3726 1448
2883 668
1440 442
3136 1401
3002 946
2465 1025
4411 237
2236 334
4086 321
4286 441
3757 2036
4409 983
1756 1687
1321 437
3157 1303
4452 3173
1164 499
2728 932
4382 3313
3310 860
2917 866
4184 1711
3084 852
4330 1775
1569 113
2293 1283
4077 3798
3611 479
3227 1641
4101 1710
2966 650
3627 1056
3033 1773
2381 1980
2895 359
3305 1493
4365 3077
984 223
4260 3403
3141 1038
