Same
Same
Same
Same
Same
Same
Same
Same
Same
Same
Same
Same
Same
Same
Same
Same
Same
Queen
Queen
Queen
Queen
Queen
Queen
Queen
Queen
Queen
Queen
Queen
Queen
Queen
Queen
Queen
