HSHSHSHSHSH
SHSHSHSHSHS
HSHSHSHSHSH
SHSHSHSHSHS
HSHSHSHSHSH
SHSHSHSHSHS
HSHSHSHSHSH
SHSHSHSHSHS
HSHSHSHSHSH
SHSHSHSHSHS
HSHSHSHSHSH
