Passar
Passar ekki
Passar ekki
Passar ekki
Passar ekki
Passar ekki
Passar ekki
Passar ekki
Passar
Passar
Passar ekki
Passar ekki
Passar
Passar
Passar ekki
