ETH 5.16667
ICY 3.26667
OZB 7.4
QDZ 7.5
XMZ 4.2
YMF 3.85
