X 2 3 4 5 6 7 8 9 10 11 12 13 14 15 16 17 18 19 20 21 22 23 24 25 26 27 28 29 30 31 32 33 34 35 36 37 38 39 40 41 42 43 44 45 46
X 2 3 X 5 X 7 X 9 X 11 X 13 X 15 X 17 X 19 X 21 X 23 X 25 X 27 X 29 X 31 X 33 X 35 X 37 X 39 X 41 X 43 X 45 X
X 2 3 X 5 X 7 X X X 11 X 13 X X X 17 X 19 X X X 23 X 25 X X X 29 X 31 X X X 35 X 37 X X X 41 X 43 X X X
X 2 3 X 5 X 7 X X X 11 X 13 X X X 17 X 19 X X X 23 X 25 X X X 29 X 31 X X X 35 X 37 X X X 41 X 43 X X X
X 2 3 X 5 X 7 X X X 11 X 13 X X X 17 X 19 X X X 23 X X X X X 29 X 31 X X X X X 37 X X X 41 X 43 X X X
X 2 3 X 5 X 7 X X X 11 X 13 X X X 17 X 19 X X X 23 X X X X X 29 X 31 X X X X X 37 X X X 41 X 43 X X X
