6npk><|_||<4o2s8|_(,)|/03n6lu1|_|\||<_|6_|645|\/|59a|<_||-|_||=><
