|\||=><mqs|Ds00x|\|z xauv5><acfh`/5in><k|\/|nupk5z
