75c405 5kc2|35lj|3|/|/8|-|4u6g16|\/|a`/\/\/z|2iq|2v|_db9|Dy|=49
