2.0(6375838926174496644295302013422818791946308724832214765100671140939597315436241610738255033557046979865771812080536912751677852348993288590604026845)
