3.071(721311475409836065573770491803278688524590163934426229508196)
