16.(717086834733893557422969187675070028011204481792)
